[debug] [2026-08-24T22:33:55.853Z] ----------------------------------------------------------------------
[debug] [2026-08-24T22:33:55.857Z] Command:       C:\Program Files\nodejs\node.exe C:\Users\Ezequiel\AppData\Roaming\npm\node_modules\firebase-tools\lib\bin\firebase.js init
[debug] [2026-08-24T22:33:55.858Z] CLI Version:   15.26.0
[debug] [2026-08-24T22:33:55.858Z] Platform:      win32
[debug] [2026-08-24T22:33:55.858Z] Node Version:  v24.12.0
[debug] [2026-08-24T22:33:55.858Z] Detected Agent: unknown
[debug] [2026-08-24T22:33:55.858Z] Time:          Mon Aug 24 2026 19:33:55 GMT-0300 (hora estándar de Argentina)
[debug] [2026-08-24T22:33:55.859Z] ----------------------------------------------------------------------
[debug] 
[debug] [2026-08-24T22:33:55.877Z] >>> [apiv2][query] GET https://firebase-public.firebaseio.com/cli.json [none]
[info] 
     ######## #### ########  ######## ########     ###     ######  ########
     ##        ##  ##     ## ##       ##     ##  ##   ##  ##       ##
     ######    ##  ########  ######   ########  #########  ######  ######
     ##        ##  ##    ##  ##       ##     ## ##     ##       ## ##
     ##       #### ##     ## ######## ########  ##     ##  ######  ########

You're about to initialize a Firebase project in this directory:

  C:\Facu\2026\factura

Before we get started, keep in mind:

  * You are currently outside your home directory
  * You are initializing within an existing Firebase project directory

[debug] [2026-08-24T22:34:30.084Z] <<< [apiv2][status] GET https://firebase-public.firebaseio.com/cli.json 200
[debug] [2026-08-24T22:34:30.084Z] <<< [apiv2][body] GET https://firebase-public.firebaseio.com/cli.json {"cloudBuildErrorAfter":1594252800000,"cloudBuildWarnAfter":1590019200000,"defaultNode10After":1594252800000,"minVersion":"3.0.5","node8DeploysDisabledAfter":1613390400000,"node8RuntimeDisabledAfter":1615809600000,"node8WarnAfter":1600128000000}
[info] 
=== Project Setup
[info] 
[info] First, let's associate this project directory with a Firebase project.
[info] You can create multiple project aliases by running firebase use --add, 
[info] 
[debug] [2026-08-24T22:35:08.886Z] > command requires scopes: ["email","openid","https://www.googleapis.com/auth/cloudplatformprojects.readonly","https://www.googleapis.com/auth/firebase","https://www.googleapis.com/auth/cloud-platform"]
[debug] [2026-08-24T22:35:08.887Z] > authorizing via signed-in user (ezequieloggioni@gmail.com)
[debug] [2026-08-24T22:35:08.889Z] Checked if tokens are valid: false, expires at: 1786411101055
[debug] [2026-08-24T22:35:08.889Z] Checked if tokens are valid: false, expires at: 1786411101055
[debug] [2026-08-24T22:35:08.890Z] > refreshing access token with scopes: []
[debug] [2026-08-24T22:35:08.895Z] >>> [apiv2][query] POST https://www.googleapis.com/oauth2/v3/token [none]
[debug] [2026-08-24T22:35:08.896Z] >>> [apiv2][body] POST https://www.googleapis.com/oauth2/v3/token [omitted]
[debug] [2026-08-24T22:35:09.054Z] <<< [apiv2][status] POST https://www.googleapis.com/oauth2/v3/token 200
[debug] [2026-08-24T22:35:09.054Z] <<< [apiv2][body] POST https://www.googleapis.com/oauth2/v3/token [omitted]
[debug] [2026-08-24T22:35:09.079Z] >>> [apiv2][query] GET https://firebase.googleapis.com/v1beta1/projects/beltran-e130d [none]
[debug] [2026-08-24T22:35:09.459Z] <<< [apiv2][status] GET https://firebase.googleapis.com/v1beta1/projects/beltran-e130d 200
[debug] [2026-08-24T22:35:09.459Z] <<< [apiv2][body] GET https://firebase.googleapis.com/v1beta1/projects/beltran-e130d {"projectId":"beltran-e130d","projectNumber":"418836104952","displayName":"beltran","name":"projects/beltran-e130d","resources":{"hostingSite":"beltran-e130d"},"state":"ACTIVE","labels":{"firebase":"enabled"},"etag":"1_18adddd2-2dd1-4595-b0a8-96f00ddb1b3b"}
[info] i  Using project beltran-e130d (beltran) . 
[info] 
=== Firestore Setup
[info] i  firestore: ensuring required API firestore.googleapis.com is enabled... 
[debug] [2026-08-24T22:35:09.488Z] Checked if tokens are valid: true, expires at: 1787614508054
[debug] [2026-08-24T22:35:09.488Z] Checked if tokens are valid: true, expires at: 1787614508054
[debug] [2026-08-24T22:35:09.488Z] >>> [apiv2][query] GET https://firestore.googleapis.com/v1/projects/beltran-e130d/databases [none]
[debug] [2026-08-24T22:35:10.167Z] <<< [apiv2][status] GET https://firestore.googleapis.com/v1/projects/beltran-e130d/databases 200
[debug] [2026-08-24T22:35:10.167Z] <<< [apiv2][body] GET https://firestore.googleapis.com/v1/projects/beltran-e130d/databases {"databases":[{"name":"projects/beltran-e130d/databases/(default)","uid":"15c849e8-95f0-47f4-b986-3be5e503d94f","createTime":"2026-08-11T00:05:11.162234Z","updateTime":"2026-08-11T00:05:11.162234Z","locationId":"nam5","type":"FIRESTORE_NATIVE","concurrencyMode":"PESSIMISTIC","versionRetentionPeriod":"3600s","earliestVersionTime":"2026-08-24T21:35:09.554455Z","appEngineIntegrationMode":"DISABLED","keyPrefix":"s","pointInTimeRecoveryEnablement":"POINT_IN_TIME_RECOVERY_DISABLED","deleteProtectionState":"DELETE_PROTECTION_DISABLED","databaseEdition":"STANDARD","freeTier":true,"realtimeUpdatesMode":"REALTIME_UPDATES_MODE_ENABLED","etag":"IK2w/8mpupYDMOCQw+ukl5YD"}]}
[info] 
[info] Firestore Security Rules allow you to define how and when to allow
[info] requests. You can keep these rules in your project directory
[info] and publish them with firebase deploy.
[info] 
[debug] [2026-08-24T22:35:10.171Z] Checked if tokens are valid: true, expires at: 1787614508054
[debug] [2026-08-24T22:35:10.172Z] Checked if tokens are valid: true, expires at: 1787614508054
[debug] [2026-08-24T22:35:10.174Z] >>> [apiv2][query] GET https://firebaserules.googleapis.com/v1/projects/beltran-e130d/releases pageSize=10&pageToken=
[debug] [2026-08-24T22:35:10.532Z] <<< [apiv2][status] GET https://firebaserules.googleapis.com/v1/projects/beltran-e130d/releases 200
[debug] [2026-08-24T22:35:10.532Z] <<< [apiv2][body] GET https://firebaserules.googleapis.com/v1/projects/beltran-e130d/releases {"releases":[{"name":"projects/beltran-e130d/releases/cloud.firestore","rulesetName":"projects/beltran-e130d/rulesets/3ccdbc23-b404-4f10-a34f-8af1c762357d","createTime":"2026-08-11T00:05:14.083621Z","updateTime":"2026-08-11T00:41:31.049925Z"}]}
[debug] [2026-08-24T22:35:10.532Z] Checked if tokens are valid: true, expires at: 1787614508054
[debug] [2026-08-24T22:35:10.532Z] Checked if tokens are valid: true, expires at: 1787614508054
[debug] [2026-08-24T22:35:10.532Z] >>> [apiv2][query] GET https://firebaserules.googleapis.com/v1/projects/beltran-e130d/rulesets/3ccdbc23-b404-4f10-a34f-8af1c762357d [none]
[debug] [2026-08-24T22:35:11.776Z] <<< [apiv2][status] GET https://firebaserules.googleapis.com/v1/projects/beltran-e130d/rulesets/3ccdbc23-b404-4f10-a34f-8af1c762357d 200
[debug] [2026-08-24T22:35:11.776Z] <<< [apiv2][body] GET https://firebaserules.googleapis.com/v1/projects/beltran-e130d/rulesets/3ccdbc23-b404-4f10-a34f-8af1c762357d [omitted]
[info] i  Downloaded the existing Firestore Security Rules from the Firebase console 
[info] i  firestore.rules is unchanged 
[info] 
[info] Firestore indexes allow you to perform complex queries while
[info] maintaining performance that scales with the size of the result
[info] set. You can keep index definitions in your project directory
[info] and publish them with firebase deploy.
[info] 
[debug] [2026-08-24T22:35:11.781Z] Checked if tokens are valid: true, expires at: 1787614508054
[debug] [2026-08-24T22:35:11.781Z] Checked if tokens are valid: true, expires at: 1787614508054
[debug] [2026-08-24T22:35:11.781Z] Checked if tokens are valid: true, expires at: 1787614508054
[debug] [2026-08-24T22:35:11.781Z] Checked if tokens are valid: true, expires at: 1787614508054
[debug] [2026-08-24T22:35:11.781Z] >>> [apiv2][query] GET https://firestore.googleapis.com/v1/projects/beltran-e130d/databases/(default)/collectionGroups/-/indexes [none]
[debug] [2026-08-24T22:35:11.781Z] >>> [apiv2][query] GET https://firestore.googleapis.com/v1/projects/beltran-e130d/databases/(default)/collectionGroups/-/fields?filter=indexConfig.usesAncestorConfig=false OR ttlConfig:* [none]
[debug] [2026-08-24T22:35:12.793Z] <<< [apiv2][status] GET https://firestore.googleapis.com/v1/projects/beltran-e130d/databases/(default)/collectionGroups/-/indexes 200
[debug] [2026-08-24T22:35:12.794Z] <<< [apiv2][body] GET https://firestore.googleapis.com/v1/projects/beltran-e130d/databases/(default)/collectionGroups/-/indexes {}
[debug] [2026-08-24T22:35:12.875Z] <<< [apiv2][status] GET https://firestore.googleapis.com/v1/projects/beltran-e130d/databases/(default)/collectionGroups/-/fields?filter=indexConfig.usesAncestorConfig=false OR ttlConfig:* 200
[debug] [2026-08-24T22:35:12.875Z] <<< [apiv2][body] GET https://firestore.googleapis.com/v1/projects/beltran-e130d/databases/(default)/collectionGroups/-/fields?filter=indexConfig.usesAncestorConfig=false OR ttlConfig:* {"fields":[{"name":"projects/beltran-e130d/databases/(default)/collectionGroups/__default__/fields/*","indexConfig":{"indexes":[{"queryScope":"COLLECTION","fields":[{"fieldPath":"*","order":"ASCENDING"}],"state":"READY"},{"queryScope":"COLLECTION","fields":[{"fieldPath":"*","order":"DESCENDING"}],"state":"READY"},{"queryScope":"COLLECTION","fields":[{"fieldPath":"*","arrayConfig":"CONTAINS"}],"state":"READY"}]}}]}
[info] i  Downloaded the existing Firestore indexes from the Firebase console 
[info] i  firestore.indexes.json is unchanged 
[info] 
=== Hosting Setup
